[19:02:16] [recap] memory.enabled is false — turn storage disabled
[19:02:16] [recap] App state: showWelcome=true overlayDismissed=false view=chat busy=false shouldShowOverlay=true showWelcomeInStatic=true recapEntries=0
[19:02:16] [recap] AppStateProvider mounted: showWelcome=true welcomeOverlayDismissed=false (initial state)
[19:02:16] [recap] AppStateContext showWelcome changed: showWelcome=true
[19:02:16] [recap] AppStateContext welcomeOverlayDismissed changed: welcomeOverlayDismissed=false
[19:02:16] [recap] initialPrompt check: hasPrompt=false submitted=false value=undefined
[19:02:52] [recap] App state: showWelcome=true overlayDismissed=true view=chat busy=false shouldShowOverlay=false showWelcomeInStatic=true recapEntries=0
[19:02:52] [recap] AppStateContext welcomeOverlayDismissed changed: welcomeOverlayDismissed=true
[19:04:47] [recap] App state: showWelcome=true overlayDismissed=true view=chat busy=true shouldShowOverlay=false showWelcomeInStatic=true recapEntries=0
[19:04:58] [recap] App state: showWelcome=true overlayDismissed=true view=chat busy=false shouldShowOverlay=false showWelcomeInStatic=true recapEntries=0
[19:05:01] [recap] App state: showWelcome=true overlayDismissed=true view=chat busy=true shouldShowOverlay=false showWelcomeInStatic=true recapEntries=0
[19:05:09] [recap] App state: showWelcome=true overlayDismissed=true view=chat busy=false shouldShowOverlay=false showWelcomeInStatic=true recapEntries=0
[19:06:29] [recap] App state: showWelcome=true overlayDismissed=true view=chat busy=true shouldShowOverlay=false showWelcomeInStatic=true recapEntries=0
[19:06:35] [recap] App state: showWelcome=true overlayDismissed=true view=chat busy=false shouldShowOverlay=false showWelcomeInStatic=true recapEntries=0
[19:06:38] [recap] App state: showWelcome=true overlayDismissed=true view=chat busy=true shouldShowOverlay=false showWelcomeInStatic=true recapEntries=0
[19:08:06] [recap] App state: showWelcome=true overlayDismissed=true view=chat busy=false shouldShowOverlay=false showWelcomeInStatic=true recapEntries=0
[19:08:14] [recap] App state: showWelcome=true overlayDismissed=true view=chat busy=true shouldShowOverlay=false showWelcomeInStatic=true recapEntries=0
[19:13:04] [recap] App state: showWelcome=true overlayDismissed=true view=chat busy=false shouldShowOverlay=false showWelcomeInStatic=true recapEntries=0
[19:19:53] [recap] App state: showWelcome=true overlayDismissed=true view=chat busy=true shouldShowOverlay=false showWelcomeInStatic=true recapEntries=0
[19:20:07] [recap] App state: showWelcome=true overlayDismissed=true view=chat busy=false shouldShowOverlay=false showWelcomeInStatic=true recapEntries=0
[19:20:32] [recap] App state: showWelcome=true overlayDismissed=true view=chat busy=true shouldShowOverlay=false showWelcomeInStatic=true recapEntries=0
[19:20:53] [recap] App state: showWelcome=true overlayDismissed=true view=chat busy=false shouldShowOverlay=false showWelcomeInStatic=true recapEntries=0
[19:21:15] [recap] App state: showWelcome=true overlayDismissed=true view=chat busy=true shouldShowOverlay=false showWelcomeInStatic=true recapEntries=0
[19:24:24] [recap] App state: showWelcome=true overlayDismissed=true view=chat busy=false shouldShowOverlay=false showWelcomeInStatic=true recapEntries=0
[19:55:51] [recap] App state: showWelcome=true overlayDismissed=true view=chat busy=true shouldShowOverlay=false showWelcomeInStatic=true recapEntries=0
[19:56:34] [recap] App state: showWelcome=true overlayDismissed=true view=chat busy=false shouldShowOverlay=false showWelcomeInStatic=true recapEntries=0
[19:57:55] [recap] App state: showWelcome=true overlayDismissed=true view=chat busy=true shouldShowOverlay=false showWelcomeInStatic=true recapEntries=0
[19:58:22] [recap] App state: showWelcome=true overlayDismissed=true view=chat busy=false shouldShowOverlay=false showWelcomeInStatic=true recapEntries=0
[20:29:06] [recap] memory.enabled is false — turn storage disabled
[20:29:06] [recap] App state: showWelcome=true overlayDismissed=false view=chat busy=false shouldShowOverlay=true showWelcomeInStatic=true recapEntries=0
[20:29:06] [recap] AppStateProvider mounted: showWelcome=true welcomeOverlayDismissed=false (initial state)
[20:29:06] [recap] AppStateContext showWelcome changed: showWelcome=true
[20:29:06] [recap] AppStateContext welcomeOverlayDismissed changed: welcomeOverlayDismissed=false
[20:29:06] [recap] initialPrompt check: hasPrompt=false submitted=false value=undefined
[20:29:08] [recap] App state: showWelcome=true overlayDismissed=true view=chat busy=false shouldShowOverlay=false showWelcomeInStatic=true recapEntries=0
[20:29:08] [recap] AppStateContext welcomeOverlayDismissed changed: welcomeOverlayDismissed=true
[20:29:23] [recap] App state: showWelcome=true overlayDismissed=true view=chat busy=true shouldShowOverlay=false showWelcomeInStatic=true recapEntries=0
[20:29:42] [recap] App state: showWelcome=true overlayDismissed=true view=chat busy=false shouldShowOverlay=false showWelcomeInStatic=true recapEntries=0
[20:29:49] [recap] App state: showWelcome=true overlayDismissed=true view=chat busy=true shouldShowOverlay=false showWelcomeInStatic=true recapEntries=0
[20:30:03] [recap] App state: showWelcome=true overlayDismissed=true view=chat busy=false shouldShowOverlay=false showWelcomeInStatic=true recapEntries=0
